==5497== Memcheck, a memory error detector
==5497== Copyright (C) 2002-2017, and GNU GPL'd, by Julian Seward et al.
==5497== Using Valgrind-3.18.1 and LibVEX; rerun with -h for copyright info
==5497== Command: ./leaky_app
==5497== 
=== Leaky App - LAB-03 Memory Analysis ===
[1] Creating 100 records...
[2] Deleting records (with leak)...
[3] Processing messages (with leak)...
 Processed: Message #0: data payload here
 Processed: Message #10: data payload here
 Processed: Message #20: data payload here
 Processed: Message #30: data payload here
 Processed: Message #40: data payload here
Program finished - check valgrind output!
==5497== 
==5497== HEAP SUMMARY:
==5497==     in use at exit: 16,900 bytes in 250 blocks
==5497==   total heap usage: 352 allocs, 102 frees, 24,196 bytes allocated
==5497== 
==5497== 2,000 bytes in 100 blocks are definitely lost in loss record 1 of 3
==5497==    at 0x4848899: malloc (in /usr/libexec/valgrind/vgpreload_memcheck-amd64-linux.so)
==5497==    by 0x109280: create_record (leaky_app.c:19)
==5497==    by 0x10940D: main (leaky_app.c:52)
==5497== 
==5497== 2,100 bytes in 100 blocks are definitely lost in loss record 2 of 3
==5497==    at 0x4848899: malloc (in /usr/libexec/valgrind/vgpreload_memcheck-amd64-linux.so)
==5497==    by 0x10924D: create_record (leaky_app.c:17)
==5497==    by 0x10940D: main (leaky_app.c:52)
==5497== 
==5497== 12,800 bytes in 50 blocks are definitely lost in loss record 3 of 3
==5497==    at 0x4848899: malloc (in /usr/libexec/valgrind/vgpreload_memcheck-amd64-linux.so)
==5497==    by 0x109310: process_messages (leaky_app.c:35)
==5497==    by 0x109480: main (leaky_app.c:61)
==5497== 
==5497== LEAK SUMMARY:
==5497==    definitely lost: 16,900 bytes in 250 blocks
==5497==    indirectly lost: 0 bytes in 0 blocks
==5497==      possibly lost: 0 bytes in 0 blocks
==5497==    still reachable: 0 bytes in 0 blocks
==5497==         suppressed: 0 bytes in 0 blocks
==5497== 
==5497== For lists of detected and suppressed errors, rerun with: -s
==5497== ERROR SUMMARY: 3 errors from 3 contexts (suppressed: 0 from 0)
